Archive member included because of file (symbol)

c:/winavr/bin/../lib/gcc/avr/4.3.3/avr5\libgcc.a(_exit.o)
                              c:/winavr/bin/../lib/gcc/avr/4.3.3/../../../../avr/lib/avr5/crtm32.o (exit)
c:/winavr/bin/../lib/gcc/avr/4.3.3/avr5\libgcc.a(_copy_data.o)
                              ./MCAL/USART/USART.o (__do_copy_data)
c:/winavr/bin/../lib/gcc/avr/4.3.3/avr5\libgcc.a(_clear_bss.o)
                              ./MCAL/int_EEPROM/eeprom.o (__do_clear_bss)
c:/winavr/bin/../lib/gcc/avr/4.3.3/avr5\libgcc.a(_fixunssfsi.o)
                              ./HAL/LCD/Source/LCD.o (__fixunssfsi)
c:/winavr/bin/../lib/gcc/avr/4.3.3/avr5\libgcc.a(_addsub_sf.o)
                              c:/winavr/bin/../lib/gcc/avr/4.3.3/avr5\libgcc.a(_fixunssfsi.o) (__subsf3)
c:/winavr/bin/../lib/gcc/avr/4.3.3/avr5\libgcc.a(_mul_sf.o)
                              ./HAL/LCD/Source/LCD.o (__mulsf3)
c:/winavr/bin/../lib/gcc/avr/4.3.3/avr5\libgcc.a(_div_sf.o)
                              ./HAL/LCD/Source/LCD.o (__divsf3)
c:/winavr/bin/../lib/gcc/avr/4.3.3/avr5\libgcc.a(_gt_sf.o)
                              ./HAL/LCD/Source/LCD.o (__gtsf2)
c:/winavr/bin/../lib/gcc/avr/4.3.3/avr5\libgcc.a(_ge_sf.o)
                              c:/winavr/bin/../lib/gcc/avr/4.3.3/avr5\libgcc.a(_fixunssfsi.o) (__gesf2)
c:/winavr/bin/../lib/gcc/avr/4.3.3/avr5\libgcc.a(_lt_sf.o)
                              ./HAL/LCD/Source/LCD.o (__ltsf2)
c:/winavr/bin/../lib/gcc/avr/4.3.3/avr5\libgcc.a(_sf_to_si.o)
                              c:/winavr/bin/../lib/gcc/avr/4.3.3/avr5\libgcc.a(_fixunssfsi.o) (__fixsfsi)
c:/winavr/bin/../lib/gcc/avr/4.3.3/avr5\libgcc.a(_thenan_sf.o)
                              c:/winavr/bin/../lib/gcc/avr/4.3.3/avr5\libgcc.a(_addsub_sf.o) (__thenan_sf)
c:/winavr/bin/../lib/gcc/avr/4.3.3/avr5\libgcc.a(_prologue.o)
                              c:/winavr/bin/../lib/gcc/avr/4.3.3/avr5\libgcc.a(_addsub_sf.o) (__prologue_saves__)
c:/winavr/bin/../lib/gcc/avr/4.3.3/avr5\libgcc.a(_epilogue.o)
                              c:/winavr/bin/../lib/gcc/avr/4.3.3/avr5\libgcc.a(_addsub_sf.o) (__epilogue_restores__)
c:/winavr/bin/../lib/gcc/avr/4.3.3/avr5\libgcc.a(_pack_sf.o)
                              c:/winavr/bin/../lib/gcc/avr/4.3.3/avr5\libgcc.a(_addsub_sf.o) (__pack_f)
c:/winavr/bin/../lib/gcc/avr/4.3.3/avr5\libgcc.a(_unpack_sf.o)
                              c:/winavr/bin/../lib/gcc/avr/4.3.3/avr5\libgcc.a(_addsub_sf.o) (__unpack_f)
c:/winavr/bin/../lib/gcc/avr/4.3.3/avr5\libgcc.a(_fpcmp_parts_sf.o)
                              c:/winavr/bin/../lib/gcc/avr/4.3.3/avr5\libgcc.a(_gt_sf.o) (__fpcmp_parts_f)

Allocating common symbols
Common symbol       size              file

byte                0x1               ./Application/Application.o
str                 0x10              ./Application/Application.o

Memory Configuration

Name             Origin             Length             Attributes
text             0x00000000         0x00020000         xr
data             0x00800060         0x0000ffa0         rw !x
eeprom           0x00810000         0x00010000         rw !x
fuse             0x00820000         0x00000400         rw !x
lock             0x00830000         0x00000400         rw !x
signature        0x00840000         0x00000400         rw !x
*default*        0x00000000         0xffffffff

Linker script and memory map

LOAD c:/winavr/bin/../lib/gcc/avr/4.3.3/../../../../avr/lib/avr5/crtm32.o
LOAD ./MCAL/int_EEPROM/eeprom.o
LOAD ./MCAL/USART/USART.o
LOAD ./MCAL/SPI/SPI.o
LOAD ./MCAL/DIO/DIO.o
LOAD ./MCAL/DIO/DIO_Config.o
LOAD ./HAL/MFRC_522/mfrc522.o
LOAD ./HAL/LCD/Source/LCD.o
LOAD ./Application/Application.o
LOAD c:/winavr/bin/../lib/gcc/avr/4.3.3/avr5\libgcc.a
LOAD c:/winavr/bin/../lib/gcc/avr/4.3.3/../../../../avr/lib/avr5\libc.a
LOAD c:/winavr/bin/../lib/gcc/avr/4.3.3/avr5\libgcc.a

.hash
 *(.hash)

.dynsym
 *(.dynsym)

.dynstr
 *(.dynstr)

.gnu.version
 *(.gnu.version)

.gnu.version_d
 *(.gnu.version_d)

.gnu.version_r
 *(.gnu.version_r)

.rel.init
 *(.rel.init)

.rela.init
 *(.rela.init)

.rel.text
 *(.rel.text)
 *(.rel.text.*)
 *(.rel.gnu.linkonce.t*)

.rela.text
 *(.rela.text)
 *(.rela.text.*)
 *(.rela.gnu.linkonce.t*)

.rel.fini
 *(.rel.fini)

.rela.fini
 *(.rela.fini)

.rel.rodata
 *(.rel.rodata)
 *(.rel.rodata.*)
 *(.rel.gnu.linkonce.r*)

.rela.rodata
 *(.rela.rodata)
 *(.rela.rodata.*)
 *(.rela.gnu.linkonce.r*)

.rel.data
 *(.rel.data)
 *(.rel.data.*)
 *(.rel.gnu.linkonce.d*)

.rela.data
 *(.rela.data)
 *(.rela.data.*)
 *(.rela.gnu.linkonce.d*)

.rel.ctors
 *(.rel.ctors)

.rela.ctors
 *(.rela.ctors)

.rel.dtors
 *(.rel.dtors)

.rela.dtors
 *(.rela.dtors)

.rel.got
 *(.rel.got)

.rela.got
 *(.rela.got)

.rel.bss
 *(.rel.bss)

.rela.bss
 *(.rela.bss)

.rel.plt
 *(.rel.plt)

.rela.plt
 *(.rela.plt)

.text           0x00000000     0x306a
 *(.vectors)
 .vectors       0x00000000       0x54 c:/winavr/bin/../lib/gcc/avr/4.3.3/../../../../avr/lib/avr5/crtm32.o
                0x00000000                __vectors
                0x00000000                __vector_default
 *(.vectors)
 *(.progmem.gcc*)
 *(.progmem*)
                0x00000054                . = ALIGN (0x2)
                0x00000054                __trampolines_start = .
 *(.trampolines)
 .trampolines   0x00000054        0x0 linker stubs
 *(.trampolines*)
                0x00000054                __trampolines_end = .
 *(.jumptables)
 *(.jumptables*)
 *(.lowtext)
 *(.lowtext*)
                0x00000054                __ctors_start = .
 *(.ctors)
                0x00000054                __ctors_end = .
                0x00000054                __dtors_start = .
 *(.dtors)
                0x00000054                __dtors_end = .
 SORT(*)(.ctors)
 SORT(*)(.dtors)
 *(.init0)
 .init0         0x00000054        0x0 c:/winavr/bin/../lib/gcc/avr/4.3.3/../../../../avr/lib/avr5/crtm32.o
                0x00000054                __init
 *(.init0)
 *(.init1)
 *(.init1)
 *(.init2)
 .init2         0x00000054        0xc c:/winavr/bin/../lib/gcc/avr/4.3.3/../../../../avr/lib/avr5/crtm32.o
 *(.init2)
 *(.init3)
 *(.init3)
 *(.init4)
 .init4         0x00000060       0x16 c:/winavr/bin/../lib/gcc/avr/4.3.3/avr5\libgcc.a(_copy_data.o)
                0x00000060                __do_copy_data
 .init4         0x00000076       0x10 c:/winavr/bin/../lib/gcc/avr/4.3.3/avr5\libgcc.a(_clear_bss.o)
                0x00000076                __do_clear_bss
 *(.init4)
 *(.init5)
 *(.init5)
 *(.init6)
 *(.init6)
 *(.init7)
 *(.init7)
 *(.init8)
 *(.init8)
 *(.init9)
 .init9         0x00000086        0x8 c:/winavr/bin/../lib/gcc/avr/4.3.3/../../../../avr/lib/avr5/crtm32.o
 *(.init9)
 *(.text)
 .text          0x0000008e        0x4 c:/winavr/bin/../lib/gcc/avr/4.3.3/../../../../avr/lib/avr5/crtm32.o
                0x0000008e                __vector_1
                0x0000008e                __vector_12
                0x0000008e                __bad_interrupt
                0x0000008e                __vector_6
                0x0000008e                __vector_3
                0x0000008e                __vector_11
                0x0000008e                __vector_19
                0x0000008e                __vector_7
                0x0000008e                __vector_5
                0x0000008e                __vector_4
                0x0000008e                __vector_9
                0x0000008e                __vector_2
                0x0000008e                __vector_8
                0x0000008e                __vector_14
                0x0000008e                __vector_10
                0x0000008e                __vector_16
                0x0000008e                __vector_18
                0x0000008e                __vector_20
 .text          0x00000092        0x0 ./MCAL/int_EEPROM/eeprom.o
 .text          0x00000092        0x0 ./MCAL/USART/USART.o
 .text          0x00000092        0x0 ./MCAL/SPI/SPI.o
 .text          0x00000092        0x0 ./MCAL/DIO/DIO.o
 .text          0x00000092        0x0 ./MCAL/DIO/DIO_Config.o
 .text          0x00000092        0x0 ./HAL/MFRC_522/mfrc522.o
 .text          0x00000092        0x0 ./HAL/LCD/Source/LCD.o
 .text          0x00000092        0x0 ./Application/Application.o
 .text          0x00000092        0x0 c:/winavr/bin/../lib/gcc/avr/4.3.3/avr5\libgcc.a(_exit.o)
 .text          0x00000092        0x0 c:/winavr/bin/../lib/gcc/avr/4.3.3/avr5\libgcc.a(_copy_data.o)
 .text          0x00000092        0x0 c:/winavr/bin/../lib/gcc/avr/4.3.3/avr5\libgcc.a(_clear_bss.o)
 .text          0x00000092       0x58 c:/winavr/bin/../lib/gcc/avr/4.3.3/avr5\libgcc.a(_fixunssfsi.o)
                0x00000092                __fixunssfsi
 .text          0x000000ea      0x354 c:/winavr/bin/../lib/gcc/avr/4.3.3/avr5\libgcc.a(_addsub_sf.o)
                0x00000382                __subsf3
                0x000003e4                __addsf3
 .text          0x0000043e      0x1f4 c:/winavr/bin/../lib/gcc/avr/4.3.3/avr5\libgcc.a(_mul_sf.o)
                0x0000043e                __mulsf3
 .text          0x00000632      0x158 c:/winavr/bin/../lib/gcc/avr/4.3.3/avr5\libgcc.a(_div_sf.o)
                0x00000632                __divsf3
 .text          0x0000078a       0x60 c:/winavr/bin/../lib/gcc/avr/4.3.3/avr5\libgcc.a(_gt_sf.o)
                0x0000078a                __gtsf2
 .text          0x000007ea       0x60 c:/winavr/bin/../lib/gcc/avr/4.3.3/avr5\libgcc.a(_ge_sf.o)
                0x000007ea                __gesf2
 .text          0x0000084a       0x60 c:/winavr/bin/../lib/gcc/avr/4.3.3/avr5\libgcc.a(_lt_sf.o)
                0x0000084a                __ltsf2
 .text          0x000008aa       0xa8 c:/winavr/bin/../lib/gcc/avr/4.3.3/avr5\libgcc.a(_sf_to_si.o)
                0x000008aa                __fixsfsi
 .text          0x00000952        0x0 c:/winavr/bin/../lib/gcc/avr/4.3.3/avr5\libgcc.a(_thenan_sf.o)
 .text          0x00000952        0x0 c:/winavr/bin/../lib/gcc/avr/4.3.3/avr5\libgcc.a(_prologue.o)
 .text          0x00000952        0x0 c:/winavr/bin/../lib/gcc/avr/4.3.3/avr5\libgcc.a(_epilogue.o)
 .text          0x00000952      0x1aa c:/winavr/bin/../lib/gcc/avr/4.3.3/avr5\libgcc.a(_pack_sf.o)
                0x00000952                __pack_f
 .text          0x00000afc       0xf0 c:/winavr/bin/../lib/gcc/avr/4.3.3/avr5\libgcc.a(_unpack_sf.o)
                0x00000afc                __unpack_f
 .text          0x00000bec       0xb2 c:/winavr/bin/../lib/gcc/avr/4.3.3/avr5\libgcc.a(_fpcmp_parts_sf.o)
                0x00000bec                __fpcmp_parts_f
                0x00000c9e                . = ALIGN (0x2)
 *(.text.*)
 .text.EEPROM_Read_Byte
                0x00000c9e       0x58 ./MCAL/int_EEPROM/eeprom.o
                0x00000c9e                EEPROM_Read_Byte
 .text.EEPROM_Write_Byte
                0x00000cf6       0x76 ./MCAL/int_EEPROM/eeprom.o
                0x00000cf6                EEPROM_Write_Byte
 .text.EEPROM_Interupt_Enable
                0x00000d6c       0x1c ./MCAL/int_EEPROM/eeprom.o
                0x00000d6c                EEPROM_Interupt_Enable
 .text.EEPROM_Interupt_Disable
                0x00000d88       0x1c ./MCAL/int_EEPROM/eeprom.o
                0x00000d88                EEPROM_Interupt_Disable
 .text.EEPROM_Set_CallBack
                0x00000da4       0x24 ./MCAL/int_EEPROM/eeprom.o
                0x00000da4                EEPROM_Set_CallBack
 .text.__vector_17
                0x00000dc8       0x66 ./MCAL/int_EEPROM/eeprom.o
                0x00000dc8                __vector_17
 .text.UART_Init
                0x00000e2e       0xaa ./MCAL/USART/USART.o
                0x00000e2e                UART_Init
 .text.UART_RX_InterruptEnable
                0x00000ed8       0x1c ./MCAL/USART/USART.o
                0x00000ed8                UART_RX_InterruptEnable
 .text.UART_RX_InterruptDisable
                0x00000ef4       0x1c ./MCAL/USART/USART.o
                0x00000ef4                UART_RX_InterruptDisable
 .text.UART_TX_InterruptEnable
                0x00000f10       0x1c ./MCAL/USART/USART.o
                0x00000f10                UART_TX_InterruptEnable
 .text.UART_TX_InterruptDisable
                0x00000f2c       0x1c ./MCAL/USART/USART.o
                0x00000f2c                UART_TX_InterruptDisable
 .text.UART_RX_SetCallBack
                0x00000f48       0x24 ./MCAL/USART/USART.o
                0x00000f48                UART_RX_SetCallBack
 .text.UART_TX_SetCallBack
                0x00000f6c       0x24 ./MCAL/USART/USART.o
                0x00000f6c                UART_TX_SetCallBack
 .text.__vector_13
                0x00000f90       0x66 ./MCAL/USART/USART.o
                0x00000f90                __vector_13
 .text.__vector_15
                0x00000ff6       0x66 ./MCAL/USART/USART.o
                0x00000ff6                __vector_15
 .text.UART_SendByteNoBlock
                0x0000105c       0x1c ./MCAL/USART/USART.o
                0x0000105c                UART_SendByteNoBlock
 .text.UART_ReceiveByteNoBlock
                0x00001078       0x14 ./MCAL/USART/USART.o
                0x00001078                UART_ReceiveByteNoBlock
 .text.UART_SendByte
                0x0000108c       0x34 ./MCAL/USART/USART.o
                0x0000108c                UART_SendByte
 .text.UART_ReceiveByte
                0x000010c0       0x1e ./MCAL/USART/USART.o
                0x000010c0                UART_ReceiveByte
 .text.UART_Receive_NoBlock
                0x000010de       0x3e ./MCAL/USART/USART.o
                0x000010de                UART_Receive_NoBlock
 .text.SPI_Init
                0x0000111c      0x168 ./MCAL/SPI/SPI.o
                0x0000111c                SPI_Init
 .text.SPI_TX_RX
                0x00001284       0x2e ./MCAL/SPI/SPI.o
                0x00001284                SPI_TX_RX
 .text.SPI_TX_RX_String
                0x000012b2       0x52 ./MCAL/SPI/SPI.o
                0x000012b2                SPI_TX_RX_String
 .text.SPI_Cannel_State
                0x00001304       0x56 ./MCAL/SPI/SPI.o
                0x00001304                SPI_Cannel_State
 .text.DIO_WriteChannel
                0x0000135a      0x21e ./MCAL/DIO/DIO.o
                0x0000135a                DIO_WriteChannel
 .text.DIO_ReadChannel
                0x00001578      0x104 ./MCAL/DIO/DIO.o
                0x00001578                DIO_ReadChannel
 .text.DIO_ConfigChannel
                0x0000167c      0x21e ./MCAL/DIO/DIO.o
                0x0000167c                DIO_ConfigChannel
 .text.DIO_ToggleChannel
                0x0000189a      0x10c ./MCAL/DIO/DIO.o
                0x0000189a                DIO_ToggleChannel
 .text.DIO_WritePort
                0x000019a6       0x82 ./MCAL/DIO/DIO.o
                0x000019a6                DIO_WritePort
 .text.DIO_ReadPort
                0x00001a28       0x9a ./MCAL/DIO/DIO.o
                0x00001a28                DIO_ReadPort
 .text.DIO_ConfigPort
                0x00001ac2       0x82 ./MCAL/DIO/DIO.o
                0x00001ac2                DIO_ConfigPort
 .text.DIO_WriteChannelGroup
                0x00001b44       0xe0 ./MCAL/DIO/DIO.o
                0x00001b44                DIO_WriteChannelGroup
 .text.DIO_Init
                0x00001c24      0x23e ./MCAL/DIO/DIO_Config.o
                0x00001c24                DIO_Init
 .text.mfrc522_init
                0x00001e62       0x72 ./HAL/MFRC_522/mfrc522.o
                0x00001e62                mfrc522_init
 .text.mfrc522_write
                0x00001ed4       0x3e ./HAL/MFRC_522/mfrc522.o
                0x00001ed4                mfrc522_write
 .text.mfrc522_read
                0x00001f12       0x42 ./HAL/MFRC_522/mfrc522.o
                0x00001f12                mfrc522_read
 .text.mfrc522_reset
                0x00001f54       0x16 ./HAL/MFRC_522/mfrc522.o
                0x00001f54                mfrc522_reset
 .text.mfrc522_request
                0x00001f6a       0x7e ./HAL/MFRC_522/mfrc522.o
                0x00001f6a                mfrc522_request
 .text.mfrc522_to_card
                0x00001fe8      0x2ba ./HAL/MFRC_522/mfrc522.o
                0x00001fe8                mfrc522_to_card
 .text.mfrc522_get_card_serial
                0x000022a2       0xb8 ./HAL/MFRC_522/mfrc522.o
                0x000022a2                mfrc522_get_card_serial
 .text.LCD_Init
                0x0000235a      0x138 ./HAL/LCD/Source/LCD.o
                0x0000235a                LCD_Init
 .text.Enable   0x00002492      0x1b2 ./HAL/LCD/Source/LCD.o
                0x00002492                Enable
 .text.LCD_Cmd  0x00002644      0x24c ./HAL/LCD/Source/LCD.o
                0x00002644                LCD_Cmd
 .text.LCD_Char
                0x00002890      0x24c ./HAL/LCD/Source/LCD.o
                0x00002890                LCD_Char
 .text.LCD_String
                0x00002adc       0x52 ./HAL/LCD/Source/LCD.o
                0x00002adc                LCD_String
 .text.LCD_SetPosition
                0x00002b2e       0x54 ./HAL/LCD/Source/LCD.o
                0x00002b2e                LCD_SetPosition
 .text.LCD_Clear
                0x00002b82       0x14 ./HAL/LCD/Source/LCD.o
                0x00002b82                LCD_Clear
 .text.LCD_Custom_Char
                0x00002b96       0x64 ./HAL/LCD/Source/LCD.o
                0x00002b96                LCD_Custom_Char
 .text.main     0x00002bfa      0x3c8 ./Application/Application.o
                0x00002bfa                main
 .text.intialize_section
                0x00002fc2       0x36 ./Application/Application.o
                0x00002fc2                intialize_section
 .text.libgcc   0x00002ff8        0x0 c:/winavr/bin/../lib/gcc/avr/4.3.3/avr5\libgcc.a(_exit.o)
 .text.libgcc   0x00002ff8        0x0 c:/winavr/bin/../lib/gcc/avr/4.3.3/avr5\libgcc.a(_copy_data.o)
 .text.libgcc   0x00002ff8        0x0 c:/winavr/bin/../lib/gcc/avr/4.3.3/avr5\libgcc.a(_clear_bss.o)
 .text.libgcc   0x00002ff8       0x38 c:/winavr/bin/../lib/gcc/avr/4.3.3/avr5\libgcc.a(_prologue.o)
                0x00002ff8                __prologue_saves__
 .text.libgcc   0x00003030       0x36 c:/winavr/bin/../lib/gcc/avr/4.3.3/avr5\libgcc.a(_epilogue.o)
                0x00003030                __epilogue_restores__
                0x00003066                . = ALIGN (0x2)
 *(.fini9)
 .fini9         0x00003066        0x0 c:/winavr/bin/../lib/gcc/avr/4.3.3/avr5\libgcc.a(_exit.o)
                0x00003066                exit
                0x00003066                _exit
 *(.fini9)
 *(.fini8)
 *(.fini8)
 *(.fini7)
 *(.fini7)
 *(.fini6)
 *(.fini6)
 *(.fini5)
 *(.fini5)
 *(.fini4)
 *(.fini4)
 *(.fini3)
 *(.fini3)
 *(.fini2)
 *(.fini2)
 *(.fini1)
 *(.fini1)
 *(.fini0)
 .fini0         0x00003066        0x4 c:/winavr/bin/../lib/gcc/avr/4.3.3/avr5\libgcc.a(_exit.o)
 *(.fini0)
                0x0000306a                _etext = .

.data           0x00800060       0x96 load address 0x0000306a
                0x00800060                PROVIDE (__data_start, .)
 *(.data)
 .data          0x00800060        0x0 c:/winavr/bin/../lib/gcc/avr/4.3.3/../../../../avr/lib/avr5/crtm32.o
 .data          0x00800060        0x0 ./MCAL/int_EEPROM/eeprom.o
 .data          0x00800060        0x0 ./MCAL/USART/USART.o
 .data          0x00800060        0x0 ./MCAL/SPI/SPI.o
 .data          0x00800060        0x0 ./MCAL/DIO/DIO.o
 .data          0x00800060        0x0 ./MCAL/DIO/DIO_Config.o
 .data          0x00800060        0x0 ./HAL/MFRC_522/mfrc522.o
 .data          0x00800060        0x0 ./HAL/LCD/Source/LCD.o
 .data          0x00800060        0x0 ./Application/Application.o
 .data          0x00800060        0x0 c:/winavr/bin/../lib/gcc/avr/4.3.3/avr5\libgcc.a(_exit.o)
 .data          0x00800060        0x0 c:/winavr/bin/../lib/gcc/avr/4.3.3/avr5\libgcc.a(_copy_data.o)
 .data          0x00800060        0x0 c:/winavr/bin/../lib/gcc/avr/4.3.3/avr5\libgcc.a(_clear_bss.o)
 .data          0x00800060        0x0 c:/winavr/bin/../lib/gcc/avr/4.3.3/avr5\libgcc.a(_fixunssfsi.o)
 .data          0x00800060        0x0 c:/winavr/bin/../lib/gcc/avr/4.3.3/avr5\libgcc.a(_addsub_sf.o)
 .data          0x00800060        0x0 c:/winavr/bin/../lib/gcc/avr/4.3.3/avr5\libgcc.a(_mul_sf.o)
 .data          0x00800060        0x0 c:/winavr/bin/../lib/gcc/avr/4.3.3/avr5\libgcc.a(_div_sf.o)
 .data          0x00800060        0x0 c:/winavr/bin/../lib/gcc/avr/4.3.3/avr5\libgcc.a(_gt_sf.o)
 .data          0x00800060        0x0 c:/winavr/bin/../lib/gcc/avr/4.3.3/avr5\libgcc.a(_ge_sf.o)
 .data          0x00800060        0x0 c:/winavr/bin/../lib/gcc/avr/4.3.3/avr5\libgcc.a(_lt_sf.o)
 .data          0x00800060        0x0 c:/winavr/bin/../lib/gcc/avr/4.3.3/avr5\libgcc.a(_sf_to_si.o)
 .data          0x00800060        0x8 c:/winavr/bin/../lib/gcc/avr/4.3.3/avr5\libgcc.a(_thenan_sf.o)
                0x00800060                __thenan_sf
 .data          0x00800068        0x0 c:/winavr/bin/../lib/gcc/avr/4.3.3/avr5\libgcc.a(_prologue.o)
 .data          0x00800068        0x0 c:/winavr/bin/../lib/gcc/avr/4.3.3/avr5\libgcc.a(_epilogue.o)
 .data          0x00800068        0x0 c:/winavr/bin/../lib/gcc/avr/4.3.3/avr5\libgcc.a(_pack_sf.o)
 .data          0x00800068        0x0 c:/winavr/bin/../lib/gcc/avr/4.3.3/avr5\libgcc.a(_unpack_sf.o)
 .data          0x00800068        0x0 c:/winavr/bin/../lib/gcc/avr/4.3.3/avr5\libgcc.a(_fpcmp_parts_sf.o)
 *(.data*)
 .data.PinConfig
                0x00800068       0x40 ./MCAL/DIO/DIO_Config.o
                0x00800068                PinConfig
 .data.SPI_Options
                0x008000a8        0x6 ./Application/Application.o
                0x008000a8                SPI_Options
 *(.rodata)
 *(.rodata*)
 .rodata.BaudRateArray
                0x008000ae       0x48 ./MCAL/USART/USART.o
                0x008000ae                BaudRateArray
 *(.gnu.linkonce.d*)
                0x008000f6                . = ALIGN (0x2)
                0x008000f6                _edata = .
                0x008000f6                PROVIDE (__data_end, .)

.bss            0x008000f6       0x19
                0x008000f6                PROVIDE (__bss_start, .)
 *(.bss)
 .bss           0x008000f6        0x0 c:/winavr/bin/../lib/gcc/avr/4.3.3/../../../../avr/lib/avr5/crtm32.o
 .bss           0x008000f6        0x0 ./MCAL/int_EEPROM/eeprom.o
 .bss           0x008000f6        0x0 ./MCAL/USART/USART.o
 .bss           0x008000f6        0x0 ./MCAL/SPI/SPI.o
 .bss           0x008000f6        0x0 ./MCAL/DIO/DIO.o
 .bss           0x008000f6        0x0 ./MCAL/DIO/DIO_Config.o
 .bss           0x008000f6        0x0 ./HAL/MFRC_522/mfrc522.o
 .bss           0x008000f6        0x0 ./HAL/LCD/Source/LCD.o
 .bss           0x008000f6        0x0 ./Application/Application.o
 .bss           0x008000f6        0x0 c:/winavr/bin/../lib/gcc/avr/4.3.3/avr5\libgcc.a(_exit.o)
 .bss           0x008000f6        0x0 c:/winavr/bin/../lib/gcc/avr/4.3.3/avr5\libgcc.a(_copy_data.o)
 .bss           0x008000f6        0x0 c:/winavr/bin/../lib/gcc/avr/4.3.3/avr5\libgcc.a(_clear_bss.o)
 .bss           0x008000f6        0x0 c:/winavr/bin/../lib/gcc/avr/4.3.3/avr5\libgcc.a(_fixunssfsi.o)
 .bss           0x008000f6        0x0 c:/winavr/bin/../lib/gcc/avr/4.3.3/avr5\libgcc.a(_addsub_sf.o)
 .bss           0x008000f6        0x0 c:/winavr/bin/../lib/gcc/avr/4.3.3/avr5\libgcc.a(_mul_sf.o)
 .bss           0x008000f6        0x0 c:/winavr/bin/../lib/gcc/avr/4.3.3/avr5\libgcc.a(_div_sf.o)
 .bss           0x008000f6        0x0 c:/winavr/bin/../lib/gcc/avr/4.3.3/avr5\libgcc.a(_gt_sf.o)
 .bss           0x008000f6        0x0 c:/winavr/bin/../lib/gcc/avr/4.3.3/avr5\libgcc.a(_ge_sf.o)
 .bss           0x008000f6        0x0 c:/winavr/bin/../lib/gcc/avr/4.3.3/avr5\libgcc.a(_lt_sf.o)
 .bss           0x008000f6        0x0 c:/winavr/bin/../lib/gcc/avr/4.3.3/avr5\libgcc.a(_sf_to_si.o)
 .bss           0x008000f6        0x0 c:/winavr/bin/../lib/gcc/avr/4.3.3/avr5\libgcc.a(_thenan_sf.o)
 .bss           0x008000f6        0x0 c:/winavr/bin/../lib/gcc/avr/4.3.3/avr5\libgcc.a(_prologue.o)
 .bss           0x008000f6        0x0 c:/winavr/bin/../lib/gcc/avr/4.3.3/avr5\libgcc.a(_epilogue.o)
 .bss           0x008000f6        0x0 c:/winavr/bin/../lib/gcc/avr/4.3.3/avr5\libgcc.a(_pack_sf.o)
 .bss           0x008000f6        0x0 c:/winavr/bin/../lib/gcc/avr/4.3.3/avr5\libgcc.a(_unpack_sf.o)
 .bss           0x008000f6        0x0 c:/winavr/bin/../lib/gcc/avr/4.3.3/avr5\libgcc.a(_fpcmp_parts_sf.o)
 *(.bss*)
 .bss.EEPROM_interrupt
                0x008000f6        0x2 ./MCAL/int_EEPROM/eeprom.o
 .bss.UART_RX_Fptr
                0x008000f8        0x2 ./MCAL/USART/USART.o
 .bss.UART_TX_Fptr
                0x008000fa        0x2 ./MCAL/USART/USART.o
 .bss.person_recognised
                0x008000fc        0x1 ./Application/Application.o
                0x008000fc                person_recognised
 .bss.data_recieved
                0x008000fd        0x1 ./Application/Application.o
                0x008000fd                data_recieved
 *(COMMON)
 COMMON         0x008000fe       0x11 ./Application/Application.o
                0x008000fe                byte
                0x008000ff                str
                0x0080010f                PROVIDE (__bss_end, .)
                0x0000306a                __data_load_start = LOADADDR (.data)
                0x00003100                __data_load_end = (__data_load_start + SIZEOF (.data))

.noinit         0x0080010f        0x0
                0x0080010f                PROVIDE (__noinit_start, .)
 *(.noinit*)
                0x0080010f                PROVIDE (__noinit_end, .)
                0x0080010f                _end = .
                0x0080010f                PROVIDE (__heap_start, .)

.eeprom         0x00810000        0x0
 *(.eeprom*)
                0x00810000                __eeprom_end = .

.fuse
 *(.fuse)
 *(.lfuse)
 *(.hfuse)
 *(.efuse)

.lock
 *(.lock*)

.signature
 *(.signature*)

.stab
 *(.stab)

.stabstr
 *(.stabstr)

.stab.excl
 *(.stab.excl)

.stab.exclstr
 *(.stab.exclstr)

.stab.index
 *(.stab.index)

.stab.indexstr
 *(.stab.indexstr)

.comment
 *(.comment)

.debug
 *(.debug)

.line
 *(.line)

.debug_srcinfo
 *(.debug_srcinfo)

.debug_sfnames
 *(.debug_sfnames)

.debug_aranges  0x00000000      0x3b0
 *(.debug_aranges)
 .debug_aranges
                0x00000000       0x48 ./MCAL/int_EEPROM/eeprom.o
 .debug_aranges
                0x00000048       0x88 ./MCAL/USART/USART.o
 .debug_aranges
                0x000000d0       0x38 ./MCAL/SPI/SPI.o
 .debug_aranges
                0x00000108       0x58 ./MCAL/DIO/DIO.o
 .debug_aranges
                0x00000160       0x20 ./MCAL/DIO/DIO_Config.o
 .debug_aranges
                0x00000180       0x50 ./HAL/MFRC_522/mfrc522.o
 .debug_aranges
                0x000001d0       0x58 ./HAL/LCD/Source/LCD.o
 .debug_aranges
                0x00000228       0x28 ./Application/Application.o
 .debug_aranges
                0x00000250       0x20 c:/winavr/bin/../lib/gcc/avr/4.3.3/avr5\libgcc.a(_fixunssfsi.o)
 .debug_aranges
                0x00000270       0x20 c:/winavr/bin/../lib/gcc/avr/4.3.3/avr5\libgcc.a(_addsub_sf.o)
 .debug_aranges
                0x00000290       0x20 c:/winavr/bin/../lib/gcc/avr/4.3.3/avr5\libgcc.a(_mul_sf.o)
 .debug_aranges
                0x000002b0       0x20 c:/winavr/bin/../lib/gcc/avr/4.3.3/avr5\libgcc.a(_div_sf.o)
 .debug_aranges
                0x000002d0       0x20 c:/winavr/bin/../lib/gcc/avr/4.3.3/avr5\libgcc.a(_gt_sf.o)
 .debug_aranges
                0x000002f0       0x20 c:/winavr/bin/../lib/gcc/avr/4.3.3/avr5\libgcc.a(_ge_sf.o)
 .debug_aranges
                0x00000310       0x20 c:/winavr/bin/../lib/gcc/avr/4.3.3/avr5\libgcc.a(_lt_sf.o)
 .debug_aranges
                0x00000330       0x20 c:/winavr/bin/../lib/gcc/avr/4.3.3/avr5\libgcc.a(_sf_to_si.o)
 .debug_aranges
                0x00000350       0x20 c:/winavr/bin/../lib/gcc/avr/4.3.3/avr5\libgcc.a(_pack_sf.o)
 .debug_aranges
                0x00000370       0x20 c:/winavr/bin/../lib/gcc/avr/4.3.3/avr5\libgcc.a(_unpack_sf.o)
 .debug_aranges
                0x00000390       0x20 c:/winavr/bin/../lib/gcc/avr/4.3.3/avr5\libgcc.a(_fpcmp_parts_sf.o)

.debug_pubnames
                0x00000000      0x66d
 *(.debug_pubnames)
 .debug_pubnames
                0x00000000       0x9c ./MCAL/int_EEPROM/eeprom.o
 .debug_pubnames
                0x0000009c      0x169 ./MCAL/USART/USART.o
 .debug_pubnames
                0x00000205       0x57 ./MCAL/SPI/SPI.o
 .debug_pubnames
                0x0000025c       0xb7 ./MCAL/DIO/DIO.o
 .debug_pubnames
                0x00000313       0x2d ./MCAL/DIO/DIO_Config.o
 .debug_pubnames
                0x00000340       0x9c ./HAL/MFRC_522/mfrc522.o
 .debug_pubnames
                0x000003dc       0x88 ./HAL/LCD/Source/LCD.o
 .debug_pubnames
                0x00000464       0x7a ./Application/Application.o
 .debug_pubnames
                0x000004de       0x23 c:/winavr/bin/../lib/gcc/avr/4.3.3/avr5\libgcc.a(_fixunssfsi.o)
 .debug_pubnames
                0x00000501       0x2c c:/winavr/bin/../lib/gcc/avr/4.3.3/avr5\libgcc.a(_addsub_sf.o)
 .debug_pubnames
                0x0000052d       0x1f c:/winavr/bin/../lib/gcc/avr/4.3.3/avr5\libgcc.a(_mul_sf.o)
 .debug_pubnames
                0x0000054c       0x1f c:/winavr/bin/../lib/gcc/avr/4.3.3/avr5\libgcc.a(_div_sf.o)
 .debug_pubnames
                0x0000056b       0x1e c:/winavr/bin/../lib/gcc/avr/4.3.3/avr5\libgcc.a(_gt_sf.o)
 .debug_pubnames
                0x00000589       0x1e c:/winavr/bin/../lib/gcc/avr/4.3.3/avr5\libgcc.a(_ge_sf.o)
 .debug_pubnames
                0x000005a7       0x1e c:/winavr/bin/../lib/gcc/avr/4.3.3/avr5\libgcc.a(_lt_sf.o)
 .debug_pubnames
                0x000005c5       0x20 c:/winavr/bin/../lib/gcc/avr/4.3.3/avr5\libgcc.a(_sf_to_si.o)
 .debug_pubnames
                0x000005e5       0x22 c:/winavr/bin/../lib/gcc/avr/4.3.3/avr5\libgcc.a(_thenan_sf.o)
 .debug_pubnames
                0x00000607       0x1f c:/winavr/bin/../lib/gcc/avr/4.3.3/avr5\libgcc.a(_pack_sf.o)
 .debug_pubnames
                0x00000626       0x21 c:/winavr/bin/../lib/gcc/avr/4.3.3/avr5\libgcc.a(_unpack_sf.o)
 .debug_pubnames
                0x00000647       0x26 c:/winavr/bin/../lib/gcc/avr/4.3.3/avr5\libgcc.a(_fpcmp_parts_sf.o)

.debug_info     0x00000000     0x3d52
 *(.debug_info)
 .debug_info    0x00000000      0x172 ./MCAL/int_EEPROM/eeprom.o
 .debug_info    0x00000172      0x2a9 ./MCAL/USART/USART.o
 .debug_info    0x0000041b      0x507 ./MCAL/SPI/SPI.o
 .debug_info    0x00000922      0x3be ./MCAL/DIO/DIO.o
 .debug_info    0x00000ce0      0x225 ./MCAL/DIO/DIO_Config.o
 .debug_info    0x00000f05      0x395 ./HAL/MFRC_522/mfrc522.o
 .debug_info    0x0000129a      0x5d7 ./HAL/LCD/Source/LCD.o
 .debug_info    0x00001871      0x49c ./Application/Application.o
 .debug_info    0x00001d0d       0xb1 c:/winavr/bin/../lib/gcc/avr/4.3.3/avr5\libgcc.a(_fixunssfsi.o)
 .debug_info    0x00001dbe      0x47a c:/winavr/bin/../lib/gcc/avr/4.3.3/avr5\libgcc.a(_addsub_sf.o)
 .debug_info    0x00002238      0x485 c:/winavr/bin/../lib/gcc/avr/4.3.3/avr5\libgcc.a(_mul_sf.o)
 .debug_info    0x000026bd      0x3fc c:/winavr/bin/../lib/gcc/avr/4.3.3/avr5\libgcc.a(_div_sf.o)
 .debug_info    0x00002ab9      0x27f c:/winavr/bin/../lib/gcc/avr/4.3.3/avr5\libgcc.a(_gt_sf.o)
 .debug_info    0x00002d38      0x27f c:/winavr/bin/../lib/gcc/avr/4.3.3/avr5\libgcc.a(_ge_sf.o)
 .debug_info    0x00002fb7      0x27f c:/winavr/bin/../lib/gcc/avr/4.3.3/avr5\libgcc.a(_lt_sf.o)
 .debug_info    0x00003236      0x2b0 c:/winavr/bin/../lib/gcc/avr/4.3.3/avr5\libgcc.a(_sf_to_si.o)
 .debug_info    0x000034e6      0x12c c:/winavr/bin/../lib/gcc/avr/4.3.3/avr5\libgcc.a(_thenan_sf.o)
 .debug_info    0x00003612      0x2df c:/winavr/bin/../lib/gcc/avr/4.3.3/avr5\libgcc.a(_pack_sf.o)
 .debug_info    0x000038f1      0x251 c:/winavr/bin/../lib/gcc/avr/4.3.3/avr5\libgcc.a(_unpack_sf.o)
 .debug_info    0x00003b42      0x210 c:/winavr/bin/../lib/gcc/avr/4.3.3/avr5\libgcc.a(_fpcmp_parts_sf.o)
 *(.gnu.linkonce.wi.*)

.debug_abbrev   0x00000000     0x188f
 *(.debug_abbrev)
 .debug_abbrev  0x00000000       0x95 ./MCAL/int_EEPROM/eeprom.o
 .debug_abbrev  0x00000095       0xf8 ./MCAL/USART/USART.o
 .debug_abbrev  0x0000018d      0x10a ./MCAL/SPI/SPI.o
 .debug_abbrev  0x00000297       0xb6 ./MCAL/DIO/DIO.o
 .debug_abbrev  0x0000034d       0xb4 ./MCAL/DIO/DIO_Config.o
 .debug_abbrev  0x00000401      0x105 ./HAL/MFRC_522/mfrc522.o
 .debug_abbrev  0x00000506      0x144 ./HAL/LCD/Source/LCD.o
 .debug_abbrev  0x0000064a      0x144 ./Application/Application.o
 .debug_abbrev  0x0000078e       0x5d c:/winavr/bin/../lib/gcc/avr/4.3.3/avr5\libgcc.a(_fixunssfsi.o)
 .debug_abbrev  0x000007eb      0x1ea c:/winavr/bin/../lib/gcc/avr/4.3.3/avr5\libgcc.a(_addsub_sf.o)
 .debug_abbrev  0x000009d5      0x21b c:/winavr/bin/../lib/gcc/avr/4.3.3/avr5\libgcc.a(_mul_sf.o)
 .debug_abbrev  0x00000bf0      0x216 c:/winavr/bin/../lib/gcc/avr/4.3.3/avr5\libgcc.a(_div_sf.o)
 .debug_abbrev  0x00000e06      0x15a c:/winavr/bin/../lib/gcc/avr/4.3.3/avr5\libgcc.a(_gt_sf.o)
 .debug_abbrev  0x00000f60      0x15a c:/winavr/bin/../lib/gcc/avr/4.3.3/avr5\libgcc.a(_ge_sf.o)
 .debug_abbrev  0x000010ba      0x15a c:/winavr/bin/../lib/gcc/avr/4.3.3/avr5\libgcc.a(_lt_sf.o)
 .debug_abbrev  0x00001214      0x17f c:/winavr/bin/../lib/gcc/avr/4.3.3/avr5\libgcc.a(_sf_to_si.o)
 .debug_abbrev  0x00001393       0xad c:/winavr/bin/../lib/gcc/avr/4.3.3/avr5\libgcc.a(_thenan_sf.o)
 .debug_abbrev  0x00001440      0x1c0 c:/winavr/bin/../lib/gcc/avr/4.3.3/avr5\libgcc.a(_pack_sf.o)
 .debug_abbrev  0x00001600      0x154 c:/winavr/bin/../lib/gcc/avr/4.3.3/avr5\libgcc.a(_unpack_sf.o)
 .debug_abbrev  0x00001754      0x13b c:/winavr/bin/../lib/gcc/avr/4.3.3/avr5\libgcc.a(_fpcmp_parts_sf.o)

.debug_line     0x00000000     0x3450
 *(.debug_line)
 .debug_line    0x00000000      0x2d3 ./MCAL/int_EEPROM/eeprom.o
 .debug_line    0x000002d3      0x461 ./MCAL/USART/USART.o
 .debug_line    0x00000734      0x2b4 ./MCAL/SPI/SPI.o
 .debug_line    0x000009e8      0x38c ./MCAL/DIO/DIO.o
 .debug_line    0x00000d74      0x167 ./MCAL/DIO/DIO_Config.o
 .debug_line    0x00000edb      0x60f ./HAL/MFRC_522/mfrc522.o
 .debug_line    0x000014ea      0x706 ./HAL/LCD/Source/LCD.o
 .debug_line    0x00001bf0      0x8de ./Application/Application.o
 .debug_line    0x000024ce       0xa7 c:/winavr/bin/../lib/gcc/avr/4.3.3/avr5\libgcc.a(_fixunssfsi.o)
 .debug_line    0x00002575      0x2af c:/winavr/bin/../lib/gcc/avr/4.3.3/avr5\libgcc.a(_addsub_sf.o)
 .debug_line    0x00002824      0x239 c:/winavr/bin/../lib/gcc/avr/4.3.3/avr5\libgcc.a(_mul_sf.o)
 .debug_line    0x00002a5d      0x1d5 c:/winavr/bin/../lib/gcc/avr/4.3.3/avr5\libgcc.a(_div_sf.o)
 .debug_line    0x00002c32       0xd3 c:/winavr/bin/../lib/gcc/avr/4.3.3/avr5\libgcc.a(_gt_sf.o)
 .debug_line    0x00002d05       0xd3 c:/winavr/bin/../lib/gcc/avr/4.3.3/avr5\libgcc.a(_ge_sf.o)
 .debug_line    0x00002dd8       0xd3 c:/winavr/bin/../lib/gcc/avr/4.3.3/avr5\libgcc.a(_lt_sf.o)
 .debug_line    0x00002eab      0x109 c:/winavr/bin/../lib/gcc/avr/4.3.3/avr5\libgcc.a(_sf_to_si.o)
 .debug_line    0x00002fb4       0x90 c:/winavr/bin/../lib/gcc/avr/4.3.3/avr5\libgcc.a(_thenan_sf.o)
 .debug_line    0x00003044      0x18a c:/winavr/bin/../lib/gcc/avr/4.3.3/avr5\libgcc.a(_pack_sf.o)
 .debug_line    0x000031ce      0x14b c:/winavr/bin/../lib/gcc/avr/4.3.3/avr5\libgcc.a(_unpack_sf.o)
 .debug_line    0x00003319      0x137 c:/winavr/bin/../lib/gcc/avr/4.3.3/avr5\libgcc.a(_fpcmp_parts_sf.o)

.debug_frame    0x00000000      0x520
 *(.debug_frame)
 .debug_frame   0x00000000       0x70 ./MCAL/int_EEPROM/eeprom.o
 .debug_frame   0x00000070       0xf0 ./MCAL/USART/USART.o
 .debug_frame   0x00000160       0x50 ./MCAL/SPI/SPI.o
 .debug_frame   0x000001b0       0x90 ./MCAL/DIO/DIO.o
 .debug_frame   0x00000240       0x20 ./MCAL/DIO/DIO_Config.o
 .debug_frame   0x00000260       0x80 ./HAL/MFRC_522/mfrc522.o
 .debug_frame   0x000002e0       0x90 ./HAL/LCD/Source/LCD.o
 .debug_frame   0x00000370       0x30 ./Application/Application.o
 .debug_frame   0x000003a0       0x20 c:/winavr/bin/../lib/gcc/avr/4.3.3/avr5\libgcc.a(_fixunssfsi.o)
 .debug_frame   0x000003c0       0x40 c:/winavr/bin/../lib/gcc/avr/4.3.3/avr5\libgcc.a(_addsub_sf.o)
 .debug_frame   0x00000400       0x20 c:/winavr/bin/../lib/gcc/avr/4.3.3/avr5\libgcc.a(_mul_sf.o)
 .debug_frame   0x00000420       0x20 c:/winavr/bin/../lib/gcc/avr/4.3.3/avr5\libgcc.a(_div_sf.o)
 .debug_frame   0x00000440       0x20 c:/winavr/bin/../lib/gcc/avr/4.3.3/avr5\libgcc.a(_gt_sf.o)
 .debug_frame   0x00000460       0x20 c:/winavr/bin/../lib/gcc/avr/4.3.3/avr5\libgcc.a(_ge_sf.o)
 .debug_frame   0x00000480       0x20 c:/winavr/bin/../lib/gcc/avr/4.3.3/avr5\libgcc.a(_lt_sf.o)
 .debug_frame   0x000004a0       0x20 c:/winavr/bin/../lib/gcc/avr/4.3.3/avr5\libgcc.a(_sf_to_si.o)
 .debug_frame   0x000004c0       0x20 c:/winavr/bin/../lib/gcc/avr/4.3.3/avr5\libgcc.a(_pack_sf.o)
 .debug_frame   0x000004e0       0x20 c:/winavr/bin/../lib/gcc/avr/4.3.3/avr5\libgcc.a(_unpack_sf.o)
 .debug_frame   0x00000500       0x20 c:/winavr/bin/../lib/gcc/avr/4.3.3/avr5\libgcc.a(_fpcmp_parts_sf.o)

.debug_str      0x00000000      0xdde
 *(.debug_str)
 .debug_str     0x00000000      0x14a ./MCAL/int_EEPROM/eeprom.o
                                0x183 (size before relaxing)
 .debug_str     0x0000014a      0x17e ./MCAL/USART/USART.o
                                0x24e (size before relaxing)
 .debug_str     0x000002c8      0x4c5 ./MCAL/SPI/SPI.o
                                0x582 (size before relaxing)
 .debug_str     0x0000078d      0x12f ./MCAL/DIO/DIO.o
                                0x3af (size before relaxing)
 .debug_str     0x000008bc       0x36 ./MCAL/DIO/DIO_Config.o
                                0x31c (size before relaxing)
 .debug_str     0x000008f2      0x11d ./HAL/MFRC_522/mfrc522.o
                                0x3c5 (size before relaxing)
 .debug_str     0x00000a0f       0xfc ./HAL/LCD/Source/LCD.o
                                0x3f1 (size before relaxing)
 .debug_str     0x00000b0b       0x60 ./Application/Application.o
                                0x4f0 (size before relaxing)
 .debug_str     0x00000b6b       0x80 c:/winavr/bin/../lib/gcc/avr/4.3.3/avr5\libgcc.a(_fixunssfsi.o)
                                 0xfe (size before relaxing)
 .debug_str     0x00000beb      0x13d c:/winavr/bin/../lib/gcc/avr/4.3.3/avr5\libgcc.a(_addsub_sf.o)
                                0x206 (size before relaxing)
 .debug_str     0x00000d28       0x27 c:/winavr/bin/../lib/gcc/avr/4.3.3/avr5\libgcc.a(_mul_sf.o)
                                0x1bf (size before relaxing)
 .debug_str     0x00000d4f       0x35 c:/winavr/bin/../lib/gcc/avr/4.3.3/avr5\libgcc.a(_div_sf.o)
                                0x1c8 (size before relaxing)
 .debug_str     0x00000d84        0xf c:/winavr/bin/../lib/gcc/avr/4.3.3/avr5\libgcc.a(_gt_sf.o)
                                0x195 (size before relaxing)
 .debug_str     0x00000d93        0x8 c:/winavr/bin/../lib/gcc/avr/4.3.3/avr5\libgcc.a(_ge_sf.o)
                                0x195 (size before relaxing)
 .debug_str     0x00000d9b        0x8 c:/winavr/bin/../lib/gcc/avr/4.3.3/avr5\libgcc.a(_lt_sf.o)
                                0x195 (size before relaxing)
 .debug_str     0x00000da3        0xa c:/winavr/bin/../lib/gcc/avr/4.3.3/avr5\libgcc.a(_sf_to_si.o)
                                0x19e (size before relaxing)
 .debug_str     0x00000000      0x103 c:/winavr/bin/../lib/gcc/avr/4.3.3/avr5\libgcc.a(_thenan_sf.o)
 .debug_str     0x00000dad       0x16 c:/winavr/bin/../lib/gcc/avr/4.3.3/avr5\libgcc.a(_pack_sf.o)
                                0x19d (size before relaxing)
 .debug_str     0x00000dc3        0xb c:/winavr/bin/../lib/gcc/avr/4.3.3/avr5\libgcc.a(_unpack_sf.o)
                                0x17f (size before relaxing)
 .debug_str     0x00000dce       0x10 c:/winavr/bin/../lib/gcc/avr/4.3.3/avr5\libgcc.a(_fpcmp_parts_sf.o)
                                0x163 (size before relaxing)

.debug_loc      0x00000000      0x88e
 *(.debug_loc)
 .debug_loc     0x00000000       0x34 c:/winavr/bin/../lib/gcc/avr/4.3.3/avr5\libgcc.a(_fixunssfsi.o)
 .debug_loc     0x00000034      0x32a c:/winavr/bin/../lib/gcc/avr/4.3.3/avr5\libgcc.a(_addsub_sf.o)
 .debug_loc     0x0000035e      0x104 c:/winavr/bin/../lib/gcc/avr/4.3.3/avr5\libgcc.a(_mul_sf.o)
 .debug_loc     0x00000462       0xc0 c:/winavr/bin/../lib/gcc/avr/4.3.3/avr5\libgcc.a(_div_sf.o)
 .debug_loc     0x00000522       0x3c c:/winavr/bin/../lib/gcc/avr/4.3.3/avr5\libgcc.a(_gt_sf.o)
 .debug_loc     0x0000055e       0x3c c:/winavr/bin/../lib/gcc/avr/4.3.3/avr5\libgcc.a(_ge_sf.o)
 .debug_loc     0x0000059a       0x3c c:/winavr/bin/../lib/gcc/avr/4.3.3/avr5\libgcc.a(_lt_sf.o)
 .debug_loc     0x000005d6       0x7e c:/winavr/bin/../lib/gcc/avr/4.3.3/avr5\libgcc.a(_sf_to_si.o)
 .debug_loc     0x00000654      0x13e c:/winavr/bin/../lib/gcc/avr/4.3.3/avr5\libgcc.a(_pack_sf.o)
 .debug_loc     0x00000792       0xac c:/winavr/bin/../lib/gcc/avr/4.3.3/avr5\libgcc.a(_unpack_sf.o)
 .debug_loc     0x0000083e       0x50 c:/winavr/bin/../lib/gcc/avr/4.3.3/avr5\libgcc.a(_fpcmp_parts_sf.o)

.debug_macinfo  0x00000000    0x167bf
 *(.debug_macinfo)
 .debug_macinfo
                0x00000000     0x4582 ./MCAL/int_EEPROM/eeprom.o
 .debug_macinfo
                0x00004582     0x47c2 ./MCAL/USART/USART.o
 .debug_macinfo
                0x00008d44     0x12c3 ./MCAL/SPI/SPI.o
 .debug_macinfo
                0x0000a007     0x11ee ./MCAL/DIO/DIO.o
 .debug_macinfo
                0x0000b1f5     0x11ee ./MCAL/DIO/DIO_Config.o
 .debug_macinfo
                0x0000c3e3     0x289e ./HAL/MFRC_522/mfrc522.o
 .debug_macinfo
                0x0000ec81     0x20b0 ./HAL/LCD/Source/LCD.o
 .debug_macinfo
                0x00010d31     0x5a8e ./Application/Application.o
OUTPUT(Sec_avr.elf elf32-avr)
LOAD linker stubs

.debug_ranges   0x00000000      0x260
 .debug_ranges  0x00000000       0x40 ./MCAL/int_EEPROM/eeprom.o
 .debug_ranges  0x00000040       0x80 ./MCAL/USART/USART.o
 .debug_ranges  0x000000c0       0x30 ./MCAL/SPI/SPI.o
 .debug_ranges  0x000000f0       0x50 ./MCAL/DIO/DIO.o
 .debug_ranges  0x00000140       0x18 ./MCAL/DIO/DIO_Config.o
 .debug_ranges  0x00000158       0x48 ./HAL/MFRC_522/mfrc522.o
 .debug_ranges  0x000001a0       0x50 ./HAL/LCD/Source/LCD.o
 .debug_ranges  0x000001f0       0x20 ./Application/Application.o
 .debug_ranges  0x00000210       0x50 c:/winavr/bin/../lib/gcc/avr/4.3.3/avr5\libgcc.a(_mul_sf.o)
